// Jest Snapshot v1, https://goo.gl/fbAQLP

exports[`Should render the footer page and should match the snapshot 1`] = `[Function]`;

exports[`Should render the home page and should match the snapshot 1`] = `[Function]`;
