// Jest Snapshot v1, https://goo.gl/fbAQLP

exports[`Should load the navigation and should match the snapshot 1`] = `[Function]`;
